Archive member included because of file (symbol)

/usr/local/gcc-arm-none-eabi-4_9-2015q3/bin/../lib/gcc/arm-none-eabi/4.9.3/../../../../arm-none-eabi/lib/armv7e-m/fpu/libg.a(lib_a-exit.o)
                              /usr/local/gcc-arm-none-eabi-4_9-2015q3/bin/../lib/gcc/arm-none-eabi/4.9.3/../../../../arm-none-eabi/lib/armv7e-m/fpu/crt0.o (exit)
/usr/local/gcc-arm-none-eabi-4_9-2015q3/bin/../lib/gcc/arm-none-eabi/4.9.3/../../../../arm-none-eabi/lib/armv7e-m/fpu/libg.a(lib_a-impure.o)
                              /usr/local/gcc-arm-none-eabi-4_9-2015q3/bin/../lib/gcc/arm-none-eabi/4.9.3/../../../../arm-none-eabi/lib/armv7e-m/fpu/libg.a(lib_a-exit.o) (_global_impure_ptr)
/usr/local/gcc-arm-none-eabi-4_9-2015q3/bin/../lib/gcc/arm-none-eabi/4.9.3/../../../../arm-none-eabi/lib/armv7e-m/fpu/libg.a(lib_a-init.o)
                              /usr/local/gcc-arm-none-eabi-4_9-2015q3/bin/../lib/gcc/arm-none-eabi/4.9.3/../../../../arm-none-eabi/lib/armv7e-m/fpu/crt0.o (__libc_init_array)
/usr/local/gcc-arm-none-eabi-4_9-2015q3/bin/../lib/gcc/arm-none-eabi/4.9.3/../../../../arm-none-eabi/lib/armv7e-m/fpu/libg.a(lib_a-memcpy.o)
                              ./Generated_Code/queue.o (memcpy)
/usr/local/gcc-arm-none-eabi-4_9-2015q3/bin/../lib/gcc/arm-none-eabi/4.9.3/../../../../arm-none-eabi/lib/armv7e-m/fpu/libg.a(lib_a-memset.o)
                              /usr/local/gcc-arm-none-eabi-4_9-2015q3/bin/../lib/gcc/arm-none-eabi/4.9.3/../../../../arm-none-eabi/lib/armv7e-m/fpu/crt0.o (memset)
/usr/local/gcc-arm-none-eabi-4_9-2015q3/bin/../lib/gcc/arm-none-eabi/4.9.3/../../../../arm-none-eabi/lib/armv7e-m/fpu/libg.a(lib_a-setjmp.o)
                              ./Generated_Code/port.o (setjmp)
/usr/local/gcc-arm-none-eabi-4_9-2015q3/bin/../lib/gcc/arm-none-eabi/4.9.3/../../../../arm-none-eabi/lib/armv7e-m/fpu/libg.a(lib_a-strchr.o)
                              ./Generated_Code/UTIL1.o (strchr)
/usr/local/gcc-arm-none-eabi-4_9-2015q3/bin/../lib/gcc/arm-none-eabi/4.9.3/../../../../arm-none-eabi/lib/armv7e-m/fpu/libg.a(lib_a-strlen.o)
                              ./Sources/main.o (strlen)
/usr/local/gcc-arm-none-eabi-4_9-2015q3/bin/../lib/gcc/arm-none-eabi/4.9.3/../../../../arm-none-eabi/lib/armv7e-m/fpu/libg.a(lib_a-strncmp.o)
                              ./Generated_Code/UTIL1.o (strncmp)
/usr/local/gcc-arm-none-eabi-4_9-2015q3/bin/../lib/gcc/arm-none-eabi/4.9.3/../../../../arm-none-eabi/lib/armv7e-m/fpu/libg.a(lib_a-__call_atexit.o)
                              /usr/local/gcc-arm-none-eabi-4_9-2015q3/bin/../lib/gcc/arm-none-eabi/4.9.3/../../../../arm-none-eabi/lib/armv7e-m/fpu/libg.a(lib_a-exit.o) (__call_exitprocs)
/usr/local/gcc-arm-none-eabi-4_9-2015q3/bin/../lib/gcc/arm-none-eabi/4.9.3/../../../../arm-none-eabi/lib/armv7e-m/fpu/libg.a(lib_a-atexit.o)
                              /usr/local/gcc-arm-none-eabi-4_9-2015q3/bin/../lib/gcc/arm-none-eabi/4.9.3/../../../../arm-none-eabi/lib/armv7e-m/fpu/libg.a(lib_a-__call_atexit.o) (atexit)
/usr/local/gcc-arm-none-eabi-4_9-2015q3/bin/../lib/gcc/arm-none-eabi/4.9.3/../../../../arm-none-eabi/lib/armv7e-m/fpu/libg.a(lib_a-fini.o)
                              /usr/local/gcc-arm-none-eabi-4_9-2015q3/bin/../lib/gcc/arm-none-eabi/4.9.3/../../../../arm-none-eabi/lib/armv7e-m/fpu/libg.a(lib_a-__call_atexit.o) (__libc_fini_array)
/usr/local/gcc-arm-none-eabi-4_9-2015q3/bin/../lib/gcc/arm-none-eabi/4.9.3/../../../../arm-none-eabi/lib/armv7e-m/fpu/libg.a(lib_a-__atexit.o)
                              /usr/local/gcc-arm-none-eabi-4_9-2015q3/bin/../lib/gcc/arm-none-eabi/4.9.3/../../../../arm-none-eabi/lib/armv7e-m/fpu/libg.a(lib_a-atexit.o) (__register_exitproc)

Allocating common symbols
Common symbol       size              file

binaryTimerHandle   0x4               ./Sources/Events.o
AD1_OutV            0x2               ./Generated_Code/AD1.o
AdcLdd1_DeviceDataPtr
                    0x4               ./Generated_Code/AD1.o
SR_reg              0x1               ./Static_Code/System/CPU_Init.o
cacheBuffer         0x2bf20           ./Sources/main.o

Discarded input sections

 .text          0x00000000        0x0 /usr/local/gcc-arm-none-eabi-4_9-2015q3/bin/../lib/gcc/arm-none-eabi/4.9.3/armv7e-m/fpu/crti.o
 .data          0x00000000        0x0 /usr/local/gcc-arm-none-eabi-4_9-2015q3/bin/../lib/gcc/arm-none-eabi/4.9.3/armv7e-m/fpu/crti.o
 .bss           0x00000000        0x0 /usr/local/gcc-arm-none-eabi-4_9-2015q3/bin/../lib/gcc/arm-none-eabi/4.9.3/armv7e-m/fpu/crti.o
 .data          0x00000000        0x4 /usr/local/gcc-arm-none-eabi-4_9-2015q3/bin/../lib/gcc/arm-none-eabi/4.9.3/armv7e-m/fpu/crtbegin.o
 .text          0x00000000       0x74 /usr/local/gcc-arm-none-eabi-4_9-2015q3/bin/../lib/gcc/arm-none-eabi/4.9.3/../../../../arm-none-eabi/lib/armv7e-m/fpu/crt0.o
 .data          0x00000000        0x0 /usr/local/gcc-arm-none-eabi-4_9-2015q3/bin/../lib/gcc/arm-none-eabi/4.9.3/../../../../arm-none-eabi/lib/armv7e-m/fpu/crt0.o
[...]
Memory Configuration

Name             Origin             Length             Attributes
m_interrupts     0x00000000         0x00000198         xr
m_text           0x00000410         0x000ffbf0         xr
m_data_1FFF0000  0x1fff0000         0x00010000         rw
m_data           0x20000000         0x00140000         rw
m_cfmprotrom     0x00000400         0x00000010         xr
*default*        0x00000000         0xffffffff

Linker script and memory map

LOAD /usr/local/gcc-arm-none-eabi-4_9-2015q3/bin/../lib/gcc/arm-none-eabi/4.9.3/armv7e-m/fpu/crti.o
LOAD /usr/local/gcc-arm-none-eabi-4_9-2015q3/bin/../lib/gcc/arm-none-eabi/4.9.3/armv7e-m/fpu/crtbegin.o
LOAD /usr/local/gcc-arm-none-eabi-4_9-2015q3/bin/../lib/gcc/arm-none-eabi/4.9.3/../../../../arm-none-eabi/lib/armv7e-m/fpu/crt0.o
LOAD ./Static_Code/System/CPU_Init.o
LOAD ./Static_Code/System/Peripherals_Init.o
LOAD ./Static_Code/System/Vectors.o
LOAD ./Static_Code/Peripherals/ADC0_Init.o
LOAD ./Static_Code/Peripherals/ADC1_Init.o
LOAD ./Static_Code/Peripherals/AIPS0_Init.o
LOAD ./Static_Code/Peripherals/AIPS1_Init.o
LOAD ./Static_Code/Peripherals/AXBS_Init.o
LOAD ./Static_Code/Peripherals/CAN0_Init.o
LOAD ./Static_Code/Peripherals/CMP0_Init.o
LOAD ./Static_Code/Peripherals/CMP1_Init.o
LOAD ./Static_Code/Peripherals/CMP2_Init.o
LOAD ./Static_Code/Peripherals/CMT_Init.o
LOAD ./Static_Code/Peripherals/CRC_Init.o
LOAD ./Static_Code/Peripherals/DAC0_Init.o
LOAD ./Static_Code/Peripherals/DAC1_Init.o
LOAD ./Static_Code/Peripherals/DMAMUX_Init.o
LOAD ./Static_Code/Peripherals/DMA_Init.o
LOAD ./Static_Code/Peripherals/ENET_Init.o
LOAD ./Static_Code/Peripherals/EWM_Init.o
LOAD ./Static_Code/Peripherals/FB_Init.o
LOAD ./Static_Code/Peripherals/FMC_Init.o
LOAD ./Static_Code/Peripherals/FTFE_Init.o
LOAD ./Static_Code/Peripherals/FTM0_Init.o
LOAD ./Static_Code/Peripherals/FTM1_Init.o
LOAD ./Static_Code/Peripherals/FTM2_Init.o
LOAD ./Static_Code/Peripherals/FTM3_Init.o
LOAD ./Static_Code/Peripherals/I2C0_Init.o
LOAD ./Static_Code/Peripherals/I2C1_Init.o
LOAD ./Static_Code/Peripherals/I2C2_Init.o
LOAD ./Static_Code/Peripherals/I2S0_Init.o
LOAD ./Static_Code/Peripherals/LLWU_Init.o
LOAD ./Static_Code/Peripherals/LPTMR0_Init.o
LOAD ./Static_Code/Peripherals/MCM_Init.o
LOAD ./Static_Code/Peripherals/MPU_Init.o
LOAD ./Static_Code/Peripherals/NVIC_Init.o
LOAD ./Static_Code/Peripherals/PDB0_Init.o
LOAD ./Static_Code/Peripherals/PIT_Init.o
LOAD ./Static_Code/Peripherals/PMC_Init.o
LOAD ./Static_Code/Peripherals/PORTA_Init.o
LOAD ./Static_Code/Peripherals/PORTB_Init.o
LOAD ./Static_Code/Peripherals/PORTC_Init.o
LOAD ./Static_Code/Peripherals/PORTD_Init.o
LOAD ./Static_Code/Peripherals/PORTE_Init.o
LOAD ./Static_Code/Peripherals/PTA_Init.o
LOAD ./Static_Code/Peripherals/PTB_Init.o
LOAD ./Static_Code/Peripherals/PTC_Init.o
LOAD ./Static_Code/Peripherals/PTD_Init.o
LOAD ./Static_Code/Peripherals/PTE_Init.o
LOAD ./Static_Code/Peripherals/RCM_Init.o
LOAD ./Static_Code/Peripherals/RNG_Init.o
LOAD ./Static_Code/Peripherals/RTC_Init.o
LOAD ./Static_Code/Peripherals/SDHC_Init.o
LOAD ./Static_Code/Peripherals/SIM_Init.o
LOAD ./Static_Code/Peripherals/SMC_Init.o
LOAD ./Static_Code/Peripherals/SPI0_Init.o
LOAD ./Static_Code/Peripherals/SPI1_Init.o
LOAD ./Static_Code/Peripherals/SPI2_Init.o
LOAD ./Static_Code/Peripherals/SysTick_Init.o
LOAD ./Static_Code/Peripherals/SystemControl_Init.o
LOAD ./Static_Code/Peripherals/UART0_Init.o
LOAD ./Static_Code/Peripherals/UART1_Init.o
LOAD ./Static_Code/Peripherals/UART2_Init.o
LOAD ./Static_Code/Peripherals/UART3_Init.o
LOAD ./Static_Code/Peripherals/UART4_Init.o
LOAD ./Static_Code/Peripherals/UART5_Init.o
LOAD ./Static_Code/Peripherals/USB0_Init.o
LOAD ./Static_Code/Peripherals/USBDCD_Init.o
LOAD ./Static_Code/Peripherals/VREF_Init.o
LOAD ./Static_Code/Peripherals/WDOG_Init.o
LOAD ./Sources/Events.o
LOAD ./Sources/main.o
LOAD ./Project_Settings/Startup_Code/startup.o
LOAD ./Generated_Code/AD1.o
LOAD ./Generated_Code/AdcLdd1.o
LOAD ./Generated_Code/CD1.o
LOAD ./Generated_Code/CS1.o
LOAD ./Generated_Code/Cpu.o
LOAD ./Generated_Code/FAT1.o
LOAD ./Generated_Code/FRTOS1.o
LOAD ./Generated_Code/PE_LDD.o
LOAD ./Generated_Code/SD1.o
LOAD ./Generated_Code/SM2.o
LOAD ./Generated_Code/SS1.o
LOAD ./Generated_Code/TI1.o
LOAD ./Generated_Code/TMOUT1.o
LOAD ./Generated_Code/TU1.o
LOAD ./Generated_Code/TimerIntLdd1.o
LOAD ./Generated_Code/TmDt1.o
LOAD ./Generated_Code/UTIL1.o
LOAD ./Generated_Code/WAIT1.o
LOAD ./Generated_Code/croutine.o
LOAD ./Generated_Code/event_groups.o
LOAD ./Generated_Code/ff.o
LOAD ./Generated_Code/heap_1.o
LOAD ./Generated_Code/heap_2.o
LOAD ./Generated_Code/heap_3.o
LOAD ./Generated_Code/heap_4.o
LOAD ./Generated_Code/heap_5.o
LOAD ./Generated_Code/list.o
LOAD ./Generated_Code/port.o
LOAD ./Generated_Code/queue.o
LOAD ./Generated_Code/tasks.o
LOAD ./Generated_Code/timers.o
LOAD /usr/local/gcc-arm-none-eabi-4_9-2015q3/bin/../lib/gcc/arm-none-eabi/4.9.3/../../../../arm-none-eabi/lib/armv7e-m/fpu/libstdc++.a
LOAD /usr/local/gcc-arm-none-eabi-4_9-2015q3/bin/../lib/gcc/arm-none-eabi/4.9.3/../../../../arm-none-eabi/lib/armv7e-m/fpu/libm.a
START GROUP
LOAD /usr/local/gcc-arm-none-eabi-4_9-2015q3/bin/../lib/gcc/arm-none-eabi/4.9.3/armv7e-m/fpu/libgcc.a
LOAD /usr/local/gcc-arm-none-eabi-4_9-2015q3/bin/../lib/gcc/arm-none-eabi/4.9.3/../../../../arm-none-eabi/lib/armv7e-m/fpu/libg.a
LOAD /usr/local/gcc-arm-none-eabi-4_9-2015q3/bin/../lib/gcc/arm-none-eabi/4.9.3/../../../../arm-none-eabi/lib/armv7e-m/fpu/libc.a
END GROUP
LOAD /usr/local/gcc-arm-none-eabi-4_9-2015q3/bin/../lib/gcc/arm-none-eabi/4.9.3/armv7e-m/fpu/crtend.o
LOAD /usr/local/gcc-arm-none-eabi-4_9-2015q3/bin/../lib/gcc/arm-none-eabi/4.9.3/armv7e-m/fpu/crtn.o
                0x20030000                _estack = 0x20030000
                0x20030000                __SP_INIT = _estack
                0x00000000                __heap_size = 0x0
                0x00000400                __stack_size = 0x400

.cacheBlock
 *(.cacheBufferSection)

.interrupts     0x00000000      0x198
                0x00000000                __vector_table = .
                0x00000000                . = ALIGN (0x4)
 *(.vectortable)
 .vectortable   0x00000000      0x198 ./Static_Code/System/Vectors.o
                0x00000000                __vect_table
                0x00000198                . = ALIGN (0x4)

.cfmprotect     0x00000400       0x10
                0x00000400                . = ALIGN (0x4)
 *(.cfmconfig)
 .cfmconfig     0x00000400       0x10 ./Static_Code/System/CPU_Init.o
                0x00000400                _cfm
                0x00000410                . = ALIGN (0x4)

.text           0x00000410     0x6f30
                0x00000410                . = ALIGN (0x4)
 *(.text)
 .text          0x00000410       0x5c /usr/local/gcc-arm-none-eabi-4_9-2015q3/bin/../lib/gcc/arm-none-eabi/4.9.3/armv7e-m/fpu/crtbegin.o
 .text          0x0000046c      0x134 /usr/local/gcc-arm-none-eabi-4_9-2015q3/bin/../lib/gcc/arm-none-eabi/4.9.3/../../../../arm-none-eabi/lib/armv7e-m/fpu/libg.a(lib_a-memcpy.o)
                0x0000046c                memcpy
 .text          0x000005a0       0x1c /usr/local/gcc-arm-none-eabi-4_9-2015q3/bin/../lib/gcc/arm-none-eabi/4.9.3/../../../../arm-none-eabi/lib/armv7e-m/fpu/libg.a(lib_a-setjmp.o)
                0x000005a0                setjmp
                0x000005ac                longjmp
 *(.text*)
 .text.CPU_SetBASEPRI
                0x000005bc       0x18 ./Static_Code/System/CPU_Init.o
                0x000005bc                CPU_SetBASEPRI
 .text.__init_hardware
                0x000005d4       0xd0 ./Static_Code/System/CPU_Init.o
                0x000005d4                __init_hardware
 .text.PE_low_level_init
                0x000006a4       0x50 ./Static_Code/System/CPU_Init.o
                0x000006a4                PE_low_level_init
 .text.CPU_GetClockGenMode
                0x000006f4       0x90 ./Static_Code/System/CPU_Init.o
                0x000006f4                CPU_GetClockGenMode
 .text.CPU_SetClockConfigGenMode
                0x00000784      0x5a8 ./Static_Code/System/CPU_Init.o
                0x00000784                CPU_SetClockConfigGenMode
 .text.UnhandledInterrupt
                0x00000d2c       0x18 ./Static_Code/System/Vectors.o
                0x00000d2c                UnhandledInterrupt
 .text.Cpu_OnNMI
                0x00000d44        0xc ./Sources/Events.o
                0x00000d44                Cpu_OnNMI
 .text.TI1_OnInterrupt
                0x00000d50       0x18 ./Sources/Events.o
                0x00000d50                TI1_OnInterrupt
 .text.FRTOS1_vApplicationStackOverflowHook
                0x00000d68       0x14 ./Sources/Events.o
                0x00000d68                FRTOS1_vApplicationStackOverflowHook
 .text.FRTOS1_vApplicationTickHook
                0x00000d7c        0xc ./Sources/Events.o
                0x00000d7c                FRTOS1_vApplicationTickHook
 .text.FRTOS1_vApplicationIdleHook
                0x00000d88        0xc ./Sources/Events.o
                0x00000d88                FRTOS1_vApplicationIdleHook
 .text.FRTOS1_vApplicationMallocFailedHook
                0x00000d94       0x10 ./Sources/Events.o
                0x00000d94                FRTOS1_vApplicationMallocFailedHook
 .text.SM2_OnBlockSent
                0x00000da4       0x14 ./Sources/Events.o
                0x00000da4                SM2_OnBlockSent
 .text.AD1_OnEnd
                0x00000db8        0xc ./Sources/Events.o
                0x00000db8                AD1_OnEnd
 .text.AD1_OnCalibrationEnd
                0x00000dc4        0xc ./Sources/Events.o
                0x00000dc4                AD1_OnCalibrationEnd
 .text.DataLoggerError
                0x00000dd0        0x8 ./Sources/main.o
                0x00000dd0                DataLoggerError
 .text.adcSample
                0x00000dd8       0x8c ./Sources/main.o
 .text.adcRecord
                0x00000e64       0xe0 ./Sources/main.o
 .text.samplerTickTask
                0x00000f44       0x2c ./Sources/main.o
                0x00000f44                samplerTickTask
 .text.recorderTask
                0x00000f70       0x2c ./Sources/main.o
                0x00000f70                recorderTask
 .text.main     0x00000f9c       0xa4 ./Sources/main.o
                0x00000f9c                main
 .text.__flush_cache
                0x00001040       0x14 ./Project_Settings/Startup_Code/startup.o
                0x00001040                __flush_cache
 .text.__copy_rom_section
                0x00001054       0xe4 ./Project_Settings/Startup_Code/startup.o
                0x00001054                __copy_rom_section
 .text.__copy_rom_sections_to_ram
                0x00001138       0xc4 ./Project_Settings/Startup_Code/startup.o
                0x00001138                __copy_rom_sections_to_ram
 .text.zero_fill_bss
                0x000011fc       0xb4 ./Project_Settings/Startup_Code/startup.o
 .text.__init_registers
                0x000012b0        0xc ./Project_Settings/Startup_Code/startup.o
                0x000012b0                __init_registers
 .text.__init_user
                0x000012bc        0xc ./Project_Settings/Startup_Code/startup.o
                0x000012bc                __init_user
 .text.__thumb_startup
                0x000012c8       0x48 ./Project_Settings/Startup_Code/startup.o
                0x000012c8                __thumb_startup
 .text.AD1_HWEnDi
                0x00001310       0x44 ./Generated_Code/AD1.o
                0x00001310                AD1_HWEnDi
 .text.AD1_Measure
                0x00001354       0x44 ./Generated_Code/AD1.o
                0x00001354                AD1_Measure
 .text.AD1_GetValue16
                0x00001398       0x38 ./Generated_Code/AD1.o
                0x00001398                AD1_GetValue16
 .text.AdcLdd1_OnMeasurementComplete
                0x000013d0       0x5c ./Generated_Code/AD1.o
                0x000013d0                AdcLdd1_OnMeasurementComplete
 .text.AD1_Init
                0x0000142c       0x2c ./Generated_Code/AD1.o
                0x0000142c                AD1_Init
 .text.AdcLdd1_Init
                0x00001458       0xec ./Generated_Code/AdcLdd1.o
                0x00001458                AdcLdd1_Init
 .text.AdcLdd1_StartSingleMeasurement
                0x00001544       0x4c ./Generated_Code/AdcLdd1.o
                0x00001544                AdcLdd1_StartSingleMeasurement
 .text.AdcLdd1_CreateSampleGroup
                0x00001590       0x64 ./Generated_Code/AdcLdd1.o
                0x00001590                AdcLdd1_CreateSampleGroup
 .text.AdcLdd1_GetMeasuredValues
                0x000015f4       0x4c ./Generated_Code/AdcLdd1.o
                0x000015f4                AdcLdd1_GetMeasuredValues
 .text.AdcLdd1_GetCalibrationResultStatus
                0x00001640       0xbc ./Generated_Code/AdcLdd1.o
                0x00001640                AdcLdd1_GetCalibrationResultStatus
 .text.AdcLdd1_MeasurementCompleteInterrupt
                0x000016fc       0x3c ./Generated_Code/AdcLdd1.o
                0x000016fc                AdcLdd1_MeasurementCompleteInterrupt
 .text.CD1_Init
                0x00001738       0x74 ./Generated_Code/CD1.o
                0x00001738                CD1_Init
 .text.Components_Init
                0x000017ac       0x30 ./Generated_Code/Cpu.o
                0x000017ac                Components_Init
 .text.Cpu_INT_NMIInterrupt
                0x000017dc       0x1c ./Generated_Code/Cpu.o
                0x000017dc                Cpu_INT_NMIInterrupt
 .text.disk_initialize
                0x000017f8       0x28 ./Generated_Code/FAT1.o
                0x000017f8                disk_initialize
 .text.disk_status
                0x00001820       0x28 ./Generated_Code/FAT1.o
                0x00001820                disk_status
 .text.disk_read
                0x00001848       0x34 ./Generated_Code/FAT1.o
                0x00001848                disk_read
 .text.disk_write
                0x0000187c       0x34 ./Generated_Code/FAT1.o
                0x0000187c                disk_write
 .text.disk_ioctl
                0x000018b0       0x34 ./Generated_Code/FAT1.o
                0x000018b0                disk_ioctl
 .text.FAT1_Init
                0x000018e4       0x24 ./Generated_Code/FAT1.o
                0x000018e4                FAT1_Init
 .text.FAT1_get_fattime
                0x00001908       0x60 ./Generated_Code/FAT1.o
                0x00001908                FAT1_get_fattime
 .text.SD1_disk_initialize
                0x00001968      0x154 ./Generated_Code/SD1.o
                0x00001968                SD1_disk_initialize
 .text.SD1_disk_status
                0x00001abc       0x20 ./Generated_Code/SD1.o
                0x00001abc                SD1_disk_status
 .text.SD1_disk_read
                0x00001adc       0xc0 ./Generated_Code/SD1.o
                0x00001adc                SD1_disk_read
 .text.SD1_disk_write
                0x00001b9c       0xf8 ./Generated_Code/SD1.o
                0x00001b9c                SD1_disk_write
 .text.chk_power
                0x00001c94       0x10 ./Generated_Code/SD1.o
 .text.power_off
                0x00001ca4        0xc ./Generated_Code/SD1.o
 .text.power_on
                0x00001cb0        0xc ./Generated_Code/SD1.o
 .text.SD1_disk_ioctl
                0x00001cbc      0x3f8 ./Generated_Code/SD1.o
                0x00001cbc                SD1_disk_ioctl
 .text.SD1_SPI_WRITE
                0x000020b4       0x4c ./Generated_Code/SD1.o
                0x000020b4                SD1_SPI_WRITE
 .text.SD1_SPI_WRITE_READ
                0x00002100       0x4c ./Generated_Code/SD1.o
 .text.SD1_Activate
                0x0000214c       0x18 ./Generated_Code/SD1.o
                0x0000214c                SD1_Activate
 .text.SD1_Deactivate
                0x00002164       0x14 ./Generated_Code/SD1.o
                0x00002164                SD1_Deactivate
 .text.SD1_WaitReady
                0x00002178       0x60 ./Generated_Code/SD1.o
                0x00002178                SD1_WaitReady
 .text.SD1_ReceiveDataBlock
                0x000021d8       0xb8 ./Generated_Code/SD1.o
                0x000021d8                SD1_ReceiveDataBlock
 .text.SD1_SendDataBlock
                0x00002290       0x8c ./Generated_Code/SD1.o
                0x00002290                SD1_SendDataBlock
 .text.SD1_SendCmd
                0x0000231c      0x100 ./Generated_Code/SD1.o
                0x0000231c                SD1_SendCmd
 .text.SendCommand
                0x0000241c       0x88 ./Generated_Code/SD1.o
 .text.SD1_Init
                0x000024a4       0xc4 ./Generated_Code/SD1.o
                0x000024a4                SD1_Init
 .text.SD1_ReceiveByte
                0x00002568       0x24 ./Generated_Code/SD1.o
                0x00002568                SD1_ReceiveByte
 .text.SD1_SetSlowMode
                0x0000258c       0x24 ./Generated_Code/SD1.o
                0x0000258c                SD1_SetSlowMode
 .text.SD1_SetFastMode
                0x000025b0       0x24 ./Generated_Code/SD1.o
                0x000025b0                SD1_SetFastMode
 .text.SD1_InitCommChannel
                0x000025d4       0x1c ./Generated_Code/SD1.o
                0x000025d4                SD1_InitCommChannel
 .text.SM2_OnBlockReceived
                0x000025f0       0x1c ./Generated_Code/SD1.o
                0x000025f0                SM2_OnBlockReceived
 .text.SM2_Init
                0x0000260c      0x138 ./Generated_Code/SM2.o
                0x0000260c                SM2_Init
 .text.SM2_ReceiveBlock
                0x00002744       0x40 ./Generated_Code/SM2.o
                0x00002744                SM2_ReceiveBlock
 .text.SM2_SendBlock
                0x00002784       0x50 ./Generated_Code/SM2.o
                0x00002784                SM2_SendBlock
 .text.SM2_SelectConfiguration
                0x000027d4       0x88 ./Generated_Code/SM2.o
                0x000027d4                SM2_SelectConfiguration
 .text.SM2_Interrupt
                0x0000285c      0x10c ./Generated_Code/SM2.o
                0x0000285c                SM2_Interrupt
 .text.SS1_Init
                0x00002968       0x80 ./Generated_Code/SS1.o
                0x00002968                SS1_Init
 .text.SS1_ClrVal
                0x000029e8       0x1c ./Generated_Code/SS1.o
                0x000029e8                SS1_ClrVal
 .text.SS1_SetVal
                0x00002a04       0x1c ./Generated_Code/SS1.o
                0x00002a04                SS1_SetVal
 .text.TimerIntLdd1_OnInterrupt
                0x00002a20       0x14 ./Generated_Code/TI1.o
                0x00002a20                TimerIntLdd1_OnInterrupt
 .text.TMOUT1_GetCounter
                0x00002a34       0x78 ./Generated_Code/TMOUT1.o
                0x00002a34                TMOUT1_GetCounter
 .text.TMOUT1_LeaveCounter
                0x00002aac       0x44 ./Generated_Code/TMOUT1.o
                0x00002aac                TMOUT1_LeaveCounter
 .text.TMOUT1_CounterExpired
                0x00002af0       0x4c ./Generated_Code/TMOUT1.o
                0x00002af0                TMOUT1_CounterExpired
 .text.TMOUT1_Init
                0x00002b3c       0x3c ./Generated_Code/TMOUT1.o
                0x00002b3c                TMOUT1_Init
 .text.TU1_Init
                0x00002b78       0xf8 ./Generated_Code/TU1.o
                0x00002b78                TU1_Init
 .text.TU1_Interrupt
                0x00002c70       0x6c ./Generated_Code/TU1.o
                0x00002c70                TU1_Interrupt
 .text.TimerIntLdd1_Init
                0x00002cdc       0x50 ./Generated_Code/TimerIntLdd1.o
                0x00002cdc                TimerIntLdd1_Init
 .text.TU1_OnCounterRestart
                0x00002d2c       0x24 ./Generated_Code/TimerIntLdd1.o
                0x00002d2c                TU1_OnCounterRestart
 .text.TmDt1_SetTime
                0x00002d50       0x7c ./Generated_Code/TmDt1.o
                0x00002d50                TmDt1_SetTime
 .text.TmDt1_GetTime
                0x00002dcc       0x38 ./Generated_Code/TmDt1.o
                0x00002dcc                TmDt1_GetTime
 .text.TmDt1_SetDate
                0x00002e04       0xac ./Generated_Code/TmDt1.o
                0x00002e04                TmDt1_SetDate
 .text.TmDt1_GetDate
                0x00002eb0       0x48 ./Generated_Code/TmDt1.o
                0x00002eb0                TmDt1_GetDate
 .text.TmDt1_Init
                0x00002ef8       0x20 ./Generated_Code/TmDt1.o
                0x00002ef8                TmDt1_Init
 .text.TmDt1_TicksToTime
                0x00002f18       0xb8 ./Generated_Code/TmDt1.o
                0x00002f18                TmDt1_TicksToTime
 .text.TmDt1_TimeToTicks
                0x00002fd0       0x54 ./Generated_Code/TmDt1.o
                0x00002fd0                TmDt1_TimeToTicks
 .text.WAIT1_Wait10Cycles
                0x00003024        0x8 ./Generated_Code/WAIT1.o
                0x00003024                WAIT1_Wait10Cycles
 .text.WAIT1_Wait100Cycles
                0x0000302c       0x18 ./Generated_Code/WAIT1.o
                0x0000302c                WAIT1_Wait100Cycles
 .text.WAIT1_WaitCycles
                0x00003044       0x34 ./Generated_Code/WAIT1.o
                0x00003044                WAIT1_WaitCycles
 .text.WAIT1_WaitLongCycles
                0x00003078       0x38 ./Generated_Code/WAIT1.o
                0x00003078                WAIT1_WaitLongCycles
 .text.WAIT1_Waitms
                0x000030b0       0x2c ./Generated_Code/WAIT1.o
                0x000030b0                WAIT1_Waitms
 .text.mem_cpy  0x000030dc       0x3c ./Generated_Code/ff.o
 .text.mem_set  0x00003118       0x34 ./Generated_Code/ff.o
 .text.mem_cmp  0x0000314c       0x50 ./Generated_Code/ff.o
 .text.chk_chr  0x0000319c       0x38 ./Generated_Code/ff.o
 .text.sync_window
                0x000031d4       0x8c ./Generated_Code/ff.o
 .text.move_window
                0x00003260       0x5c ./Generated_Code/ff.o
 .text.sync_fs  0x000032bc      0x14c ./Generated_Code/ff.o
 .text.clust2sect
                0x00003408       0x40 ./Generated_Code/ff.o
                0x00003408                clust2sect
 .text.get_fat  0x00003448      0x16c ./Generated_Code/ff.o
                0x00003448                get_fat
 .text.put_fat  0x000035b4      0x208 ./Generated_Code/ff.o
                0x000035b4                put_fat
 .text.remove_chain
                0x000037bc       0xa4 ./Generated_Code/ff.o
 .text.create_chain
                0x00003860      0x12c ./Generated_Code/ff.o
 .text.clmt_clust
                0x0000398c       0x68 ./Generated_Code/ff.o
 .text.dir_sdi  0x000039f4      0x100 ./Generated_Code/ff.o
 .text.dir_next
                0x00003af4      0x1a8 ./Generated_Code/ff.o
 .text.dir_alloc
                0x00003c9c       0x8c ./Generated_Code/ff.o
 .text.ld_clust
                0x00003d28       0x5c ./Generated_Code/ff.o
 .text.st_clust
                0x00003d84       0x4c ./Generated_Code/ff.o
 .text.dir_find
                0x00003dd0       0x94 ./Generated_Code/ff.o
 .text.dir_register
                0x00003e64       0x68 ./Generated_Code/ff.o
 .text.create_name
                0x00003ecc      0x1f0 ./Generated_Code/ff.o
 .text.follow_path
                0x000040bc      0x108 ./Generated_Code/ff.o
 .text.get_ldnumber
                0x000041c4       0x90 ./Generated_Code/ff.o
 .text.check_fs
                0x00004254       0xc4 ./Generated_Code/ff.o
 .text.find_volume
                0x00004318      0x56c ./Generated_Code/ff.o
 .text.validate
                0x00004884       0x5c ./Generated_Code/ff.o
 .text.f_mount  0x000048e0       0x88 ./Generated_Code/ff.o
                0x000048e0                f_mount
 .text.f_open   0x00004968      0x28c ./Generated_Code/ff.o
                0x00004968                f_open
 .text.f_write  0x00004bf4      0x2f4 ./Generated_Code/ff.o
                0x00004bf4                f_write
 .text.f_sync   0x00004ee8      0x158 ./Generated_Code/ff.o
                0x00004ee8                f_sync
 .text.f_close  0x00005040       0x38 ./Generated_Code/ff.o
                0x00005040                f_close
 .text.f_lseek  0x00005078      0x434 ./Generated_Code/ff.o
                0x00005078                f_lseek
 .text.pvPortMalloc
                0x000054ac      0x124 ./Generated_Code/heap_2.o
                0x000054ac                pvPortMalloc
 .text.vPortFree
                0x000055d0       0x70 ./Generated_Code/heap_2.o
                0x000055d0                vPortFree
 .text.prvHeapInit
                0x00005640       0x50 ./Generated_Code/heap_2.o
 .text.vListInitialise
                0x00005690       0x40 ./Generated_Code/list.o
                0x00005690                vListInitialise
 .text.vListInitialiseItem
                0x000056d0       0x18 ./Generated_Code/list.o
                0x000056d0                vListInitialiseItem
 .text.vListInsertEnd
                0x000056e8       0x48 ./Generated_Code/list.o
                0x000056e8                vListInsertEnd
 .text.vListInsert
                0x00005730       0x70 ./Generated_Code/list.o
                0x00005730                vListInsert
 .text.uxListRemove
                0x000057a0       0x54 ./Generated_Code/list.o
                0x000057a0                uxListRemove
 .text.pxPortInitialiseStack
                0x000057f4       0x60 ./Generated_Code/port.o
                0x000057f4                pxPortInitialiseStack
 .text.vPortInitTickTimer
                0x00005854       0x40 ./Generated_Code/port.o
                0x00005854                vPortInitTickTimer
 .text.vPortStartTickTimer
                0x00005894       0x18 ./Generated_Code/port.o
                0x00005894                vPortStartTickTimer
 .text.vPortStopTickTimer
                0x000058ac       0x18 ./Generated_Code/port.o
                0x000058ac                vPortStopTickTimer
 .text.vPortEnableVFP
                0x000058c4       0x1c ./Generated_Code/port.o
                0x000058c4                vPortEnableVFP
 .text.xPortStartScheduler
                0x000058e0       0x58 ./Generated_Code/port.o
                0x000058e0                xPortStartScheduler
 .text.vPortEnterCritical
                0x00005938       0x2c ./Generated_Code/port.o
                0x00005938                vPortEnterCritical
 .text.vPortExitCritical
                0x00005964       0x2c ./Generated_Code/port.o
                0x00005964                vPortExitCritical
 .text.vPortYieldFromISR
                0x00005990       0x20 ./Generated_Code/port.o
                0x00005990                vPortYieldFromISR
 .text.vPortTickHandler
                0x000059b0       0x24 ./Generated_Code/port.o
                0x000059b0                vPortTickHandler
 .text.vPortStartFirstTask
                0x000059d4       0x20 ./Generated_Code/port.o
                0x000059d4                vPortStartFirstTask
 .text.vPortSVCHandler
                0x000059f4       0x1c ./Generated_Code/port.o
                0x000059f4                vPortSVCHandler
 .text.vPortPendSVHandler
                0x00005a10       0x50 ./Generated_Code/port.o
                0x00005a10                vPortPendSVHandler
 .text.xQueueGenericReset
                0x00005a60       0xb4 ./Generated_Code/queue.o
                0x00005a60                xQueueGenericReset
 .text.xQueueGenericCreate
                0x00005b14       0x98 ./Generated_Code/queue.o
                0x00005b14                xQueueGenericCreate
 .text.xQueueGenericSend
                0x00005bac      0x19c ./Generated_Code/queue.o
                0x00005bac                xQueueGenericSend
 .text.xQueueGiveFromISR
                0x00005d48       0xcc ./Generated_Code/queue.o
                0x00005d48                xQueueGiveFromISR
 .text.xQueueGenericReceive
                0x00005e14      0x1c8 ./Generated_Code/queue.o
                0x00005e14                xQueueGenericReceive
 .text.prvCopyDataToQueue
                0x00005fdc       0xdc ./Generated_Code/queue.o
 .text.prvCopyDataFromQueue
                0x000060b8       0x4c ./Generated_Code/queue.o
 .text.prvUnlockQueue
                0x00006104       0x98 ./Generated_Code/queue.o
 .text.prvIsQueueEmpty
                0x0000619c       0x2c ./Generated_Code/queue.o
 .text.prvIsQueueFull
                0x000061c8       0x30 ./Generated_Code/queue.o
 .text.xTaskGenericCreate
                0x000061f8      0x16c ./Generated_Code/tasks.o
                0x000061f8                xTaskGenericCreate
 .text.vTaskDelete
                0x00006364       0xb0 ./Generated_Code/tasks.o
                0x00006364                vTaskDelete
 .text.vTaskStartScheduler
                0x00006414       0x7c ./Generated_Code/tasks.o
                0x00006414                vTaskStartScheduler
 .text.vTaskSuspendAll
                0x00006490       0x1c ./Generated_Code/tasks.o
                0x00006490                vTaskSuspendAll
 .text.xTaskResumeAll
                0x000064ac      0x110 ./Generated_Code/tasks.o
                0x000064ac                xTaskResumeAll
 .text.xTaskIncrementTick
                0x000065bc      0x184 ./Generated_Code/tasks.o
                0x000065bc                xTaskIncrementTick
 .text.vTaskSwitchContext
                0x00006740       0xc8 ./Generated_Code/tasks.o
                0x00006740                vTaskSwitchContext
 .text.vTaskPlaceOnEventList
                0x00006808       0x70 ./Generated_Code/tasks.o
                0x00006808                vTaskPlaceOnEventList
 .text.xTaskRemoveFromEventList
                0x00006878       0xbc ./Generated_Code/tasks.o
                0x00006878                xTaskRemoveFromEventList
 .text.vTaskSetTimeOutState
                0x00006934       0x3c ./Generated_Code/tasks.o
                0x00006934                vTaskSetTimeOutState
 .text.xTaskCheckForTimeOut
                0x00006970       0xa8 ./Generated_Code/tasks.o
                0x00006970                xTaskCheckForTimeOut
 .text.vTaskMissedYield
                0x00006a18       0x18 ./Generated_Code/tasks.o
                0x00006a18                vTaskMissedYield
 .text.prvIdleTask
                0x00006a30       0x24 ./Generated_Code/tasks.o
 .text.prvInitialiseTCBVariables
                0x00006a54       0xa4 ./Generated_Code/tasks.o
 .text.prvInitialiseTaskLists
                0x00006af8       0x7c ./Generated_Code/tasks.o
 .text.prvCheckTasksWaitingTermination
                0x00006b74       0x74 ./Generated_Code/tasks.o
 .text.prvAddCurrentTaskToDelayedList
                0x00006be8       0x6c ./Generated_Code/tasks.o
 .text.prvAllocateTCBAndStack
                0x00006c54       0x70 ./Generated_Code/tasks.o
 .text.prvDeleteTCB
                0x00006cc4       0x20 ./Generated_Code/tasks.o
 .text.prvResetNextTaskUnblockTime
                0x00006ce4       0x48 ./Generated_Code/tasks.o
 .text.xTaskGetSchedulerState
                0x00006d2c       0x3c ./Generated_Code/tasks.o
                0x00006d2c                xTaskGetSchedulerState
 .text.vTaskPriorityInherit
                0x00006d68       0xbc ./Generated_Code/tasks.o
                0x00006d68                vTaskPriorityInherit
 .text.xTaskPriorityDisinherit
                0x00006e24       0xc4 ./Generated_Code/tasks.o
                0x00006e24                xTaskPriorityDisinherit
 .text.pvTaskIncrementMutexHeldCount
                0x00006ee8       0x28 ./Generated_Code/tasks.o
                0x00006ee8                pvTaskIncrementMutexHeldCount
 .text.memset   0x00006f10       0x9c /usr/local/gcc-arm-none-eabi-4_9-2015q3/bin/../lib/gcc/arm-none-eabi/4.9.3/../../../../arm-none-eabi/lib/armv7e-m/fpu/libg.a(lib_a-memset.o)
                0x00006f10                memset
 .text.strlen   0x00006fac       0x5c /usr/local/gcc-arm-none-eabi-4_9-2015q3/bin/../lib/gcc/arm-none-eabi/4.9.3/../../../../arm-none-eabi/lib/armv7e-m/fpu/libg.a(lib_a-strlen.o)
                0x00006fac                strlen
 .text.startup.register_fini
                0x00007008       0x14 /usr/local/gcc-arm-none-eabi-4_9-2015q3/bin/../lib/gcc/arm-none-eabi/4.9.3/../../../../arm-none-eabi/lib/armv7e-m/fpu/libg.a(lib_a-__call_atexit.o)
 .text.atexit   0x0000701c        0xc /usr/local/gcc-arm-none-eabi-4_9-2015q3/bin/../lib/gcc/arm-none-eabi/4.9.3/../../../../arm-none-eabi/lib/armv7e-m/fpu/libg.a(lib_a-atexit.o)
                0x0000701c                atexit
 .text.__libc_fini_array
                0x00007028       0x2c /usr/local/gcc-arm-none-eabi-4_9-2015q3/bin/../lib/gcc/arm-none-eabi/4.9.3/../../../../arm-none-eabi/lib/armv7e-m/fpu/libg.a(lib_a-fini.o)
                0x00007028                __libc_fini_array
 .text.__register_exitproc
                0x00007054       0xa4 /usr/local/gcc-arm-none-eabi-4_9-2015q3/bin/../lib/gcc/arm-none-eabi/4.9.3/../../../../arm-none-eabi/lib/armv7e-m/fpu/libg.a(lib_a-__atexit.o)
                0x00007054                __register_exitproc
 *(.rodata)
 .rodata        0x000070f8       0x36 ./Sources/main.o
 *fill*         0x0000712e        0x2 
 .rodata        0x00007130       0x44 ./Generated_Code/ff.o
 .rodata        0x00007174        0x5 ./Generated_Code/tasks.o
 *(.rodata*)
 *fill*         0x00007179        0x3 
 .rodata.ClockGenModeMatrix
                0x0000717c       0x80 ./Static_Code/System/CPU_Init.o
 .rodata.CPU_ClockConfigDescriptors
                0x000071fc       0x1c ./Static_Code/System/CPU_Init.o
 .rodata.CPU_DefaultFEI
                0x00007218        0x7 ./Static_Code/System/CPU_Init.o
 *fill*         0x0000721f        0x1 
 .rodata.CPU_DefaultFBI
                0x00007220        0x7 ./Static_Code/System/CPU_Init.o
 *fill*         0x00007227        0x1 
 .rodata.CPU_DefaultBLPI
                0x00007228        0x7 ./Static_Code/System/CPU_Init.o
 *fill*         0x0000722f        0x1 
 .rodata.CPU_DefaultFEE
                0x00007230        0x7 ./Static_Code/System/CPU_Init.o
 *fill*         0x00007237        0x1 
 .rodata.CPU_DefaultFBE
                0x00007238        0x7 ./Static_Code/System/CPU_Init.o
 *fill*         0x0000723f        0x1 
 .rodata.CPU_DefaultBLPE
                0x00007240        0x7 ./Static_Code/System/CPU_Init.o
 *fill*         0x00007247        0x1 
 .rodata.CPU_DefaultPBE
                0x00007248        0x7 ./Static_Code/System/CPU_Init.o
 *fill*         0x0000724f        0x1 
 .rodata.CPU_DefaultPEE
                0x00007250        0x7 ./Static_Code/System/CPU_Init.o
 *fill*         0x00007257        0x1 
 .rodata.CPU_ClockGenModeRegs
                0x00007258       0x20 ./Static_Code/System/CPU_Init.o
 .rodata.ConfigurationSet
                0x00007278        0x8 ./Generated_Code/SM2.o
 .rodata.TxCommandList
                0x00007280        0x8 ./Generated_Code/SM2.o
 .rodata.ULY    0x00007288        0xc ./Generated_Code/TmDt1.o
 .rodata.LY     0x00007294        0xc ./Generated_Code/TmDt1.o
 .rodata.ExCvt  0x000072a0       0x80 ./Generated_Code/ff.o
 .rodata.str1.4
                0x00007320        0x4 /usr/local/gcc-arm-none-eabi-4_9-2015q3/bin/../lib/gcc/arm-none-eabi/4.9.3/../../../../arm-none-eabi/lib/armv7e-m/fpu/libg.a(lib_a-impure.o)
                                  0x2 (size before relaxing)
 .rodata._global_impure_ptr
                0x00007324        0x4 /usr/local/gcc-arm-none-eabi-4_9-2015q3/bin/../lib/gcc/arm-none-eabi/4.9.3/../../../../arm-none-eabi/lib/armv7e-m/fpu/libg.a(lib_a-impure.o)
                0x00007324                _global_impure_ptr
 *(.glue_7)
 .glue_7        0x00000000        0x0 linker stubs
 *(.glue_7t)
 .glue_7t       0x00000000        0x0 linker stubs
 *(.eh_frame)
 .eh_frame      0x00007328        0x0 /usr/local/gcc-arm-none-eabi-4_9-2015q3/bin/../lib/gcc/arm-none-eabi/4.9.3/armv7e-m/fpu/crtbegin.o
 *(.init)
 .init          0x00007328        0x4 /usr/local/gcc-arm-none-eabi-4_9-2015q3/bin/../lib/gcc/arm-none-eabi/4.9.3/armv7e-m/fpu/crti.o
                0x00007328                _init
 .init          0x0000732c        0x8 /usr/local/gcc-arm-none-eabi-4_9-2015q3/bin/../lib/gcc/arm-none-eabi/4.9.3/armv7e-m/fpu/crtn.o
 *(.fini)
 .fini          0x00007334        0x4 /usr/local/gcc-arm-none-eabi-4_9-2015q3/bin/../lib/gcc/arm-none-eabi/4.9.3/armv7e-m/fpu/crti.o
                0x00007334                _fini
 .fini          0x00007338        0x8 /usr/local/gcc-arm-none-eabi-4_9-2015q3/bin/../lib/gcc/arm-none-eabi/4.9.3/armv7e-m/fpu/crtn.o
                0x00007340                . = ALIGN (0x4)
                0x00007340                _etext = .

.vfp11_veneer   0x00007340        0x0
 .vfp11_veneer  0x00000000        0x0 linker stubs

.v4_bx          0x00007340        0x0
 .v4_bx         0x00000000        0x0 linker stubs

.iplt           0x00007340        0x0
 .iplt          0x00000000        0x0 /usr/local/gcc-arm-none-eabi-4_9-2015q3/bin/../lib/gcc/arm-none-eabi/4.9.3/armv7e-m/fpu/crtbegin.o

.rel.dyn        0x00007340        0x0
 .rel.iplt      0x00000000        0x0 /usr/local/gcc-arm-none-eabi-4_9-2015q3/bin/../lib/gcc/arm-none-eabi/4.9.3/armv7e-m/fpu/crtbegin.o

.ARM.extab
 *(.ARM.extab* .gnu.linkonce.armextab.*)

.ARM            0x00007340        0x0
                0x00007340                __exidx_start = .
 *(.ARM.exidx*)
                0x00007340                __exidx_end = .

.ctors          0x00007340        0x0
                0x00007340                __CTOR_LIST__ = .
 *crtbegin.o(.ctors)
 *(EXCLUDE_FILE(*crtend.o) .ctors)
 *(SORT(.ctors.*))
 *(.ctors)
                0x00007340                __CTOR_END__ = .

.dtors          0x00007340        0x0
                0x00007340                __DTOR_LIST__ = .
 *crtbegin.o(.dtors)
 *(EXCLUDE_FILE(*crtend.o) .dtors)
 *(SORT(.dtors.*))
 *(.dtors)
                0x00007340                __DTOR_END__ = .

.preinit_array  0x00007340        0x0
                0x00007340                PROVIDE (__preinit_array_start, .)
 *(.preinit_array*)
                0x00007340                PROVIDE (__preinit_array_end, .)

.init_array     0x00007340        0x8
                0x00007340                PROVIDE (__init_array_start, .)
 *(SORT(.init_array.*))
 .init_array.00000
                0x00007340        0x4 /usr/local/gcc-arm-none-eabi-4_9-2015q3/bin/../lib/gcc/arm-none-eabi/4.9.3/../../../../arm-none-eabi/lib/armv7e-m/fpu/libg.a(lib_a-__call_atexit.o)
 *(.init_array*)
 .init_array    0x00007344        0x4 /usr/local/gcc-arm-none-eabi-4_9-2015q3/bin/../lib/gcc/arm-none-eabi/4.9.3/armv7e-m/fpu/crtbegin.o
                0x00007348                PROVIDE (__init_array_end, .)

.fini_array     0x00007348        0x4
                0x00007348                PROVIDE (__fini_array_start, .)
 *(SORT(.fini_array.*))
 *(.fini_array*)
 .fini_array    0x00007348        0x4 /usr/local/gcc-arm-none-eabi-4_9-2015q3/bin/../lib/gcc/arm-none-eabi/4.9.3/armv7e-m/fpu/crtbegin.o
                0x0000734c                PROVIDE (__fini_array_end, .)
                0x0000734c                ___ROM_AT = .

.data           0x20000000      0x438 load address 0x0000734c
                0x20000000                . = ALIGN (0x4)
                0x20000000                _sdata = .
 *(.data)
 *(.data*)
 .data.Stat     0x20000000        0x1 ./Generated_Code/SD1.o
 .data.CardType
                0x20000001        0x1 ./Generated_Code/SD1.o
 *fill*         0x20000002        0x2 
 .data.xFreeBytesRemaining
                0x20000004        0x4 ./Generated_Code/heap_2.o
 .data.uxCriticalNesting
                0x20000008        0x4 ./Generated_Code/port.o
 *fill*         0x2000000c        0x4 
 .data.impure_data
                0x20000010      0x428 /usr/local/gcc-arm-none-eabi-4_9-2015q3/bin/../lib/gcc/arm-none-eabi/4.9.3/../../../../arm-none-eabi/lib/armv7e-m/fpu/libg.a(lib_a-impure.o)
                0x20000438                . = ALIGN (0x4)
                0x20000438                _edata = .
                0x00000438                ___data_size = (_edata - _sdata)
                0x00007784                ___m_data_1FFF0000_ROMStart = (___ROM_AT + SIZEOF (.data))

.jcr            0x20000438        0x0 load address 0x00007784
 .jcr           0x20000438        0x0 /usr/local/gcc-arm-none-eabi-4_9-2015q3/bin/../lib/gcc/arm-none-eabi/4.9.3/armv7e-m/fpu/crtbegin.o

.igot.plt       0x20000438        0x0 load address 0x00007784
 .igot.plt      0x00000000        0x0 /usr/local/gcc-arm-none-eabi-4_9-2015q3/bin/../lib/gcc/arm-none-eabi/4.9.3/armv7e-m/fpu/crtbegin.o

.m_data_1FFF0000
                0x1fff0000        0x0 load address 0x00007784
                0x1fff0000                . = ALIGN (0x4)
                0x1fff0000                ___m_data_1FFF0000_RAMStart = .
 *(.m_data_1FFF0000)
                0x1fff0000                ___m_data_1FFF0000_RAMEnd = .
                0x1fff0000                . = ALIGN (0x4)
                0x00000000                ___m_data_1FFF0000_ROMSize = (___m_data_1FFF0000_RAMEnd - ___m_data_1FFF0000_RAMStart)
                0x1fff0000                . = ALIGN (0x4)

.bss            0x20000438    0x2ed00 load address 0x00007784
                0x20000438                __START_BSS = .
                0x20000438                PROVIDE (__bss_start__, __START_BSS)
 *(.bss)
 .bss           0x20000438       0x1c /usr/local/gcc-arm-none-eabi-4_9-2015q3/bin/../lib/gcc/arm-none-eabi/4.9.3/armv7e-m/fpu/crtbegin.o
 *(.bss*)
 .bss.fileSystemObject
                0x20000454      0x234 ./Sources/main.o
 .bss.fpData    0x20000688      0x228 ./Sources/main.o
 .bss.startRecordHandle
                0x200008b0        0x4 ./Sources/main.o
 .bss.sampleCounter
                0x200008b4        0x4 ./Sources/main.o
 .bss.sampleTaskHandle
                0x200008b8        0x4 ./Sources/main.o
 .bss.argv      0x200008bc       0x28 ./Project_Settings/Startup_Code/startup.o
 .bss.ModeFlg   0x200008e4        0x1 ./Generated_Code/AD1.o
 *fill*         0x200008e5        0x3 
 .bss.SampleGroup
                0x200008e8        0x1 ./Generated_Code/AD1.o
 .bss.OutFlg    0x200008e9        0x1 ./Generated_Code/AD1.o
 *fill*         0x200008ea        0x2 
 .bss.DeviceDataPrv__DEFAULT_RTOS_ALLOC
                0x200008ec        0x8 ./Generated_Code/AdcLdd1.o
 .bss.INT_ADC0__BAREBOARD_RTOS_ISRPARAM
                0x200008f4        0x4 ./Generated_Code/AdcLdd1.o
 .bss.DeviceDataPrv__DEFAULT_RTOS_ALLOC
                0x200008f8        0x4 ./Generated_Code/CD1.o
 .bss.PE_LDD_DeviceDataList
                0x200008fc       0x18 ./Generated_Code/PE_LDD.o
                0x200008fc                PE_LDD_DeviceDataList
 .bss.speedMode
                0x20000914        0x1 ./Generated_Code/SD1.o
 .bss.SD1_DataReceivedFlag
                0x20000915        0x1 ./Generated_Code/SD1.o
 *fill*         0x20000916        0x2 
 .bss.DeviceDataPrv__DEFAULT_RTOS_ALLOC
                0x20000918       0x20 ./Generated_Code/SM2.o
 .bss.INT_SPI1__BAREBOARD_RTOS_ISRPARAM
                0x20000938        0x4 ./Generated_Code/SM2.o
 .bss.DeviceDataPrv__DEFAULT_RTOS_ALLOC
                0x2000093c        0x4 ./Generated_Code/SS1.o
 .bss.TMOUT1_Counters
                0x20000940        0x2 ./Generated_Code/TMOUT1.o
 *fill*         0x20000942        0x2 
 .bss.TMOUT1_FreeCounters
                0x20000944        0x1 ./Generated_Code/TMOUT1.o
 *fill*         0x20000945        0x3 
 .bss.DeviceDataPrv__DEFAULT_RTOS_ALLOC
                0x20000948        0xc ./Generated_Code/TU1.o
 .bss.INT_FTM0__BAREBOARD_RTOS_ISRPARAM
                0x20000954        0x4 ./Generated_Code/TU1.o
 .bss.DeviceDataPrv__DEFAULT_RTOS_ALLOC
                0x20000958        0xc ./Generated_Code/TimerIntLdd1.o
 .bss.CntDay    0x20000964        0x1 ./Generated_Code/TmDt1.o
 .bss.CntMonth  0x20000965        0x1 ./Generated_Code/TmDt1.o
 .bss.CntYear   0x20000966        0x2 ./Generated_Code/TmDt1.o
 .bss.tickCntr  0x20000968        0x4 ./Generated_Code/TmDt1.o
 .bss.FatFs     0x2000096c        0x4 ./Generated_Code/ff.o
 .bss.Fsid      0x20000970        0x2 ./Generated_Code/ff.o
 *fill*         0x20000972        0x2 
 .bss.ucHeap    0x20000974     0x2710 ./Generated_Code/heap_2.o
 .bss.xStart    0x20003084        0x8 ./Generated_Code/heap_2.o
 .bss.xEnd      0x2000308c        0x8 ./Generated_Code/heap_2.o
 .bss.xHeapHasBeenInitialised.7943
                0x20003094        0x4 ./Generated_Code/heap_2.o
 .bss.xJumpBuf  0x20003098       0x5c ./Generated_Code/port.o
 .bss.pxCurrentTCB
                0x200030f4        0x4 ./Generated_Code/tasks.o
                0x200030f4                pxCurrentTCB
 .bss.pxReadyTasksLists
                0x200030f8       0x78 ./Generated_Code/tasks.o
 .bss.xDelayedTaskList1
                0x20003170       0x14 ./Generated_Code/tasks.o
 .bss.xDelayedTaskList2
                0x20003184       0x14 ./Generated_Code/tasks.o
 .bss.pxDelayedTaskList
                0x20003198        0x4 ./Generated_Code/tasks.o
 .bss.pxOverflowDelayedTaskList
                0x2000319c        0x4 ./Generated_Code/tasks.o
 .bss.xPendingReadyList
                0x200031a0       0x14 ./Generated_Code/tasks.o
 .bss.xTasksWaitingTermination
                0x200031b4       0x14 ./Generated_Code/tasks.o
 .bss.uxTasksDeleted
                0x200031c8        0x4 ./Generated_Code/tasks.o
 .bss.xSuspendedTaskList
                0x200031cc       0x14 ./Generated_Code/tasks.o
 .bss.xIdleTaskHandle
                0x200031e0        0x4 ./Generated_Code/tasks.o
 .bss.uxCurrentNumberOfTasks
                0x200031e4        0x4 ./Generated_Code/tasks.o
 .bss.xTickCount
                0x200031e8        0x4 ./Generated_Code/tasks.o
 .bss.uxTopReadyPriority
                0x200031ec        0x4 ./Generated_Code/tasks.o
 .bss.xSchedulerRunning
                0x200031f0        0x4 ./Generated_Code/tasks.o
 .bss.uxPendedTicks
                0x200031f4        0x4 ./Generated_Code/tasks.o
 .bss.xYieldPending
                0x200031f8        0x4 ./Generated_Code/tasks.o
 .bss.xNumOfOverflows
                0x200031fc        0x4 ./Generated_Code/tasks.o
 .bss.uxTaskNumber
                0x20003200        0x4 ./Generated_Code/tasks.o
 .bss.xNextTaskUnblockTime
                0x20003204        0x4 ./Generated_Code/tasks.o
 .bss.uxSchedulerSuspended
                0x20003208        0x4 ./Generated_Code/tasks.o
 *(COMMON)
 COMMON         0x2000320c        0x4 ./Sources/Events.o
                0x2000320c                binaryTimerHandle
 COMMON         0x20003210    0x2bf20 ./Sources/main.o
                0x20003210                cacheBuffer
 COMMON         0x2002f130        0x8 ./Generated_Code/AD1.o
                0x2002f130                AD1_OutV
                0x2002f134                AdcLdd1_DeviceDataPtr
                0x2002f138                . = ALIGN (0x4)
                0x2002f138                __END_BSS = .
                0x2002f138                PROVIDE (__bss_end__, __END_BSS)
                0x00007784                _romp_at = ((___ROM_AT + SIZEOF (.data)) + SIZEOF (.m_data_1FFF0000))

.romp           0x2002f138       0x24 load address 0x00007784
                0x00007784                __S_romp = _romp_at
                0x2002f138        0x4 LONG 0x734c ___ROM_AT
                0x2002f13c        0x4 LONG 0x20000000 _sdata
                0x2002f140        0x4 LONG 0x438 ___data_size
                0x2002f144        0x4 LONG 0x7784 ___m_data_1FFF0000_ROMStart
                0x2002f148        0x4 LONG 0x1fff0000 ___m_data_1FFF0000_RAMStart
                0x2002f14c        0x4 LONG 0x0 ___m_data_1FFF0000_ROMSize
                0x2002f150        0x4 LONG 0x0
                0x2002f154        0x4 LONG 0x0
                0x2002f158        0x4 LONG 0x0

._user_heap_stack
                0x2002f15c      0x400 load address 0x000077a8
                0x2002f15c                . = ALIGN (0x4)
                0x2002f15c                PROVIDE (end, .)
                0x2002f15c                PROVIDE (_end, .)
                0x2002f15c                __heap_addr = .
                0x2002f15c                . = (. + __heap_size)
                0x2002f55c                . = (. + __stack_size)
 *fill*         0x2002f15c      0x400 
                0x2002f55c                . = ALIGN (0x4)

.ARM.attributes
                0x00000000       0x30
 *(.ARM.attributes)
 .ARM.attributes
                0x00000000       0x22 /usr/local/gcc-arm-none-eabi-4_9-2015q3/bin/../lib/gcc/arm-none-eabi/4.9.3/armv7e-m/fpu/crti.o
 .ARM.attributes
                0x00000022       0x34 /usr/local/gcc-arm-none-eabi-4_9-2015q3/bin/../lib/gcc/arm-none-eabi/4.9.3/armv7e-m/fpu/crtbegin.o
 .ARM.attributes
                0x00000056       0x39 ./Static_Code/System/CPU_Init.o
 .ARM.attributes
                0x0000008f       0x39 ./Static_Code/System/Vectors.o
 .ARM.attributes
                0x000000c8       0x39 ./Sources/Events.o
 .ARM.attributes
                0x00000101       0x39 ./Sources/main.o
 .ARM.attributes
                0x0000013a       0x39 ./Project_Settings/Startup_Code/startup.o
 .ARM.attributes
                0x00000173       0x39 ./Generated_Code/AD1.o
 .ARM.attributes
                0x000001ac       0x39 ./Generated_Code/AdcLdd1.o
 .ARM.attributes
                0x000001e5       0x39 ./Generated_Code/CD1.o
 .ARM.attributes
                0x0000021e       0x39 ./Generated_Code/Cpu.o
 .ARM.attributes
                0x00000257       0x39 ./Generated_Code/FAT1.o
 .ARM.attributes
                0x00000290       0x39 ./Generated_Code/PE_LDD.o
 .ARM.attributes
                0x000002c9       0x39 ./Generated_Code/SD1.o
 .ARM.attributes
                0x00000302       0x39 ./Generated_Code/SM2.o
 .ARM.attributes
                0x0000033b       0x39 ./Generated_Code/SS1.o
 .ARM.attributes
                0x00000374       0x39 ./Generated_Code/TI1.o
 .ARM.attributes
                0x000003ad       0x39 ./Generated_Code/TMOUT1.o
 .ARM.attributes
                0x000003e6       0x39 ./Generated_Code/TU1.o
 .ARM.attributes
                0x0000041f       0x39 ./Generated_Code/TimerIntLdd1.o
 .ARM.attributes
                0x00000458       0x39 ./Generated_Code/TmDt1.o
 .ARM.attributes
                0x00000491       0x39 ./Generated_Code/WAIT1.o
 .ARM.attributes
                0x000004ca       0x39 ./Generated_Code/ff.o
 .ARM.attributes
                0x00000503       0x39 ./Generated_Code/heap_2.o
 .ARM.attributes
                0x0000053c       0x39 ./Generated_Code/list.o
 .ARM.attributes
                0x00000575       0x39 ./Generated_Code/port.o
 .ARM.attributes
                0x000005ae       0x39 ./Generated_Code/queue.o
 .ARM.attributes
                0x000005e7       0x39 ./Generated_Code/tasks.o
 .ARM.attributes
                0x00000620       0x34 /usr/local/gcc-arm-none-eabi-4_9-2015q3/bin/../lib/gcc/arm-none-eabi/4.9.3/../../../../arm-none-eabi/lib/armv7e-m/fpu/libg.a(lib_a-impure.o)
 .ARM.attributes
                0x00000654       0x20 /usr/local/gcc-arm-none-eabi-4_9-2015q3/bin/../lib/gcc/arm-none-eabi/4.9.3/../../../../arm-none-eabi/lib/armv7e-m/fpu/libg.a(lib_a-memcpy.o)
 .ARM.attributes
                0x00000674       0x34 /usr/local/gcc-arm-none-eabi-4_9-2015q3/bin/../lib/gcc/arm-none-eabi/4.9.3/../../../../arm-none-eabi/lib/armv7e-m/fpu/libg.a(lib_a-memset.o)
 .ARM.attributes
                0x000006a8       0x20 /usr/local/gcc-arm-none-eabi-4_9-2015q3/bin/../lib/gcc/arm-none-eabi/4.9.3/../../../../arm-none-eabi/lib/armv7e-m/fpu/libg.a(lib_a-setjmp.o)
 .ARM.attributes
                0x000006c8       0x34 /usr/local/gcc-arm-none-eabi-4_9-2015q3/bin/../lib/gcc/arm-none-eabi/4.9.3/../../../../arm-none-eabi/lib/armv7e-m/fpu/libg.a(lib_a-strlen.o)
 .ARM.attributes
                0x000006fc       0x34 /usr/local/gcc-arm-none-eabi-4_9-2015q3/bin/../lib/gcc/arm-none-eabi/4.9.3/../../../../arm-none-eabi/lib/armv7e-m/fpu/libg.a(lib_a-__call_atexit.o)
 .ARM.attributes
                0x00000730       0x34 /usr/local/gcc-arm-none-eabi-4_9-2015q3/bin/../lib/gcc/arm-none-eabi/4.9.3/../../../../arm-none-eabi/lib/armv7e-m/fpu/libg.a(lib_a-atexit.o)
 .ARM.attributes
                0x00000764       0x34 /usr/local/gcc-arm-none-eabi-4_9-2015q3/bin/../lib/gcc/arm-none-eabi/4.9.3/../../../../arm-none-eabi/lib/armv7e-m/fpu/libg.a(lib_a-fini.o)
 .ARM.attributes
                0x00000798       0x34 /usr/local/gcc-arm-none-eabi-4_9-2015q3/bin/../lib/gcc/arm-none-eabi/4.9.3/../../../../arm-none-eabi/lib/armv7e-m/fpu/libg.a(lib_a-__atexit.o)
 .ARM.attributes
                0x000007cc       0x22 /usr/local/gcc-arm-none-eabi-4_9-2015q3/bin/../lib/gcc/arm-none-eabi/4.9.3/armv7e-m/fpu/crtn.o
OUTPUT(Intercom.elf elf32-littlearm)

.debug_info     0x00000000     0xa11b
 .debug_info    0x00000000      0xb46 ./Static_Code/System/CPU_Init.o
 .debug_info    0x00000b46      0x825 ./Static_Code/System/Vectors.o
 .debug_info    0x0000136b      0x199 ./Sources/Events.o
 .debug_info    0x00001504      0x51d ./Sources/main.o
 .debug_info    0x00001a21      0x308 ./Project_Settings/Startup_Code/startup.o
 .debug_info    0x00001d29      0x23b ./Generated_Code/AD1.o
 .debug_info    0x00001f64      0x93f ./Generated_Code/AdcLdd1.o
 .debug_info    0x000028a3      0x4bb ./Generated_Code/CD1.o
 .debug_info    0x00002d5e       0xa7 ./Generated_Code/Cpu.o
 .debug_info    0x00002e05      0x51e ./Generated_Code/FAT1.o
 .debug_info    0x00003323      0x251 ./Generated_Code/PE_LDD.o
 .debug_info    0x00003574      0x76c ./Generated_Code/SD1.o
 .debug_info    0x00003ce0      0x89e ./Generated_Code/SM2.o
 .debug_info    0x0000457e      0x537 ./Generated_Code/SS1.o
 .debug_info    0x00004ab5       0xb2 ./Generated_Code/TI1.o
 .debug_info    0x00004b67      0x2c1 ./Generated_Code/TMOUT1.o
 .debug_info    0x00004e28      0x647 ./Generated_Code/TU1.o
 .debug_info    0x0000546f      0x177 ./Generated_Code/TimerIntLdd1.o
 .debug_info    0x000055e6      0x43e ./Generated_Code/TmDt1.o
 .debug_info    0x00005a24      0x148 ./Generated_Code/WAIT1.o
 .debug_info    0x00005b6c     0x1f5a ./Generated_Code/ff.o
 .debug_info    0x00007ac6      0x2e9 ./Generated_Code/heap_2.o
 .debug_info    0x00007daf      0x2a8 ./Generated_Code/list.o
 .debug_info    0x00008057      0x287 ./Generated_Code/port.o
 .debug_info    0x000082de      0xab3 ./Generated_Code/queue.o
 .debug_info    0x00008d91     0x138a ./Generated_Code/tasks.o

.debug_abbrev   0x00000000     0x215a
 .debug_abbrev  0x00000000      0x1bf ./Static_Code/System/CPU_Init.o
 .debug_abbrev  0x000001bf       0xd8 ./Static_Code/System/Vectors.o
 .debug_abbrev  0x00000297       0xbf ./Sources/Events.o
 .debug_abbrev  0x00000356      0x178 ./Sources/main.o
 .debug_abbrev  0x000004ce      0x148 ./Project_Settings/Startup_Code/startup.o
 .debug_abbrev  0x00000616      0x150 ./Generated_Code/AD1.o
 .debug_abbrev  0x00000766      0x1c7 ./Generated_Code/AdcLdd1.o
 .debug_abbrev  0x0000092d      0x14e ./Generated_Code/CD1.o
 .debug_abbrev  0x00000a7b       0x45 ./Generated_Code/Cpu.o
 .debug_abbrev  0x00000ac0      0x15b ./Generated_Code/FAT1.o
 .debug_abbrev  0x00000c1b      0x10d ./Generated_Code/PE_LDD.o
 .debug_abbrev  0x00000d28      0x235 ./Generated_Code/SD1.o
 .debug_abbrev  0x00000f5d      0x1f7 ./Generated_Code/SM2.o
 .debug_abbrev  0x00001154      0x186 ./Generated_Code/SS1.o
 .debug_abbrev  0x000012da       0x68 ./Generated_Code/TI1.o
 .debug_abbrev  0x00001342       0xaf ./Generated_Code/TMOUT1.o
 .debug_abbrev  0x000013f1      0x16a ./Generated_Code/TU1.o
 .debug_abbrev  0x0000155b       0xdd ./Generated_Code/TimerIntLdd1.o
 .debug_abbrev  0x00001638      0x199 ./Generated_Code/TmDt1.o
 .debug_abbrev  0x000017d1       0xb1 ./Generated_Code/WAIT1.o
 .debug_abbrev  0x00001882      0x21c ./Generated_Code/ff.o
 .debug_abbrev  0x00001a9e      0x155 ./Generated_Code/heap_2.o
 .debug_abbrev  0x00001bf3       0xc1 ./Generated_Code/list.o
 .debug_abbrev  0x00001cb4      0x10c ./Generated_Code/port.o
 .debug_abbrev  0x00001dc0      0x160 ./Generated_Code/queue.o
 .debug_abbrev  0x00001f20      0x23a ./Generated_Code/tasks.o

.debug_aranges  0x00000000      0xe70
 .debug_aranges
                0x00000000       0x40 ./Static_Code/System/CPU_Init.o
 .debug_aranges
                0x00000040      0x340 ./Static_Code/System/Vectors.o
 .debug_aranges
                0x00000380       0x60 ./Sources/Events.o
 .debug_aranges
                0x000003e0       0x48 ./Sources/main.o
 .debug_aranges
                0x00000428       0x60 ./Project_Settings/Startup_Code/startup.o
 .debug_aranges
                0x00000488       0x48 ./Generated_Code/AD1.o
 .debug_aranges
                0x000004d0       0x60 ./Generated_Code/AdcLdd1.o
 .debug_aranges
                0x00000530       0x30 ./Generated_Code/CD1.o
 .debug_aranges
                0x00000560       0x28 ./Generated_Code/Cpu.o
 .debug_aranges
                0x00000588       0x78 ./Generated_Code/FAT1.o
 .debug_aranges
                0x00000600       0x30 ./Generated_Code/PE_LDD.o
 .debug_aranges
                0x00000630       0xd8 ./Generated_Code/SD1.o
 .debug_aranges
                0x00000708       0x48 ./Generated_Code/SM2.o
 .debug_aranges
                0x00000750       0x48 ./Generated_Code/SS1.o
 .debug_aranges
                0x00000798       0x20 ./Generated_Code/TI1.o
 .debug_aranges
                0x000007b8       0x50 ./Generated_Code/TMOUT1.o
 .debug_aranges
                0x00000808       0x28 ./Generated_Code/TU1.o
 .debug_aranges
                0x00000830       0x28 ./Generated_Code/TimerIntLdd1.o
 .debug_aranges
                0x00000858       0x68 ./Generated_Code/TmDt1.o
 .debug_aranges
                0x000008c0       0x40 ./Generated_Code/WAIT1.o
 .debug_aranges
                0x00000900      0x1d0 ./Generated_Code/ff.o
 .debug_aranges
                0x00000ad0       0x40 ./Generated_Code/heap_2.o
 .debug_aranges
                0x00000b10       0x40 ./Generated_Code/list.o
 .debug_aranges
                0x00000b50       0x98 ./Generated_Code/port.o
 .debug_aranges
                0x00000be8       0xd8 ./Generated_Code/queue.o
 .debug_aranges
                0x00000cc0      0x1b0 ./Generated_Code/tasks.o

.debug_ranges   0x00000000      0xce8
 .debug_ranges  0x00000000       0x30 ./Static_Code/System/CPU_Init.o
 .debug_ranges  0x00000030      0x330 ./Static_Code/System/Vectors.o
 .debug_ranges  0x00000360       0x50 ./Sources/Events.o
 .debug_ranges  0x000003b0       0x38 ./Sources/main.o
 .debug_ranges  0x000003e8       0x50 ./Project_Settings/Startup_Code/startup.o
 .debug_ranges  0x00000438       0x38 ./Generated_Code/AD1.o
 .debug_ranges  0x00000470       0x50 ./Generated_Code/AdcLdd1.o
 .debug_ranges  0x000004c0       0x20 ./Generated_Code/CD1.o
 .debug_ranges  0x000004e0       0x18 ./Generated_Code/Cpu.o
 .debug_ranges  0x000004f8       0x68 ./Generated_Code/FAT1.o
 .debug_ranges  0x00000560       0x20 ./Generated_Code/PE_LDD.o
 .debug_ranges  0x00000580       0xc8 ./Generated_Code/SD1.o
 .debug_ranges  0x00000648       0x38 ./Generated_Code/SM2.o
 .debug_ranges  0x00000680       0x38 ./Generated_Code/SS1.o
 .debug_ranges  0x000006b8       0x10 ./Generated_Code/TI1.o
 .debug_ranges  0x000006c8       0x40 ./Generated_Code/TMOUT1.o
 .debug_ranges  0x00000708       0x18 ./Generated_Code/TU1.o
 .debug_ranges  0x00000720       0x18 ./Generated_Code/TimerIntLdd1.o
 .debug_ranges  0x00000738       0x58 ./Generated_Code/TmDt1.o
 .debug_ranges  0x00000790       0x30 ./Generated_Code/WAIT1.o
 .debug_ranges  0x000007c0      0x1d8 ./Generated_Code/ff.o
 .debug_ranges  0x00000998       0x30 ./Generated_Code/heap_2.o
 .debug_ranges  0x000009c8       0x30 ./Generated_Code/list.o
 .debug_ranges  0x000009f8       0x88 ./Generated_Code/port.o
 .debug_ranges  0x00000a80       0xc8 ./Generated_Code/queue.o
 .debug_ranges  0x00000b48      0x1a0 ./Generated_Code/tasks.o

.debug_macro    0x00000000    0x2445f
 .debug_macro   0x00000000      0x3c1 ./Static_Code/System/CPU_Init.o
 .debug_macro   0x000003c1      0x86e ./Static_Code/System/CPU_Init.o
 .debug_macro   0x00000c2f       0x22 ./Static_Code/System/CPU_Init.o
 .debug_macro   0x00000c51       0x44 ./Static_Code/System/CPU_Init.o
 .debug_macro   0x00000c95       0xe3 ./Static_Code/System/CPU_Init.o
 .debug_macro   0x00000d78       0x22 ./Static_Code/System/CPU_Init.o
 .debug_macro   0x00000d9a      0x1df ./Static_Code/System/CPU_Init.o
 .debug_macro   0x00000f79     0x1798 ./Static_Code/System/CPU_Init.o
 .debug_macro   0x00002711    0x10f7a ./Static_Code/System/CPU_Init.o
 .debug_macro   0x0001368b      0x485 ./Static_Code/System/CPU_Init.o
 .debug_macro   0x00013b10      0x14e ./Static_Code/System/CPU_Init.o
 .debug_macro   0x00013c5e       0x6a ./Static_Code/System/CPU_Init.o
 .debug_macro   0x00013cc8       0x58 ./Static_Code/System/CPU_Init.o
 .debug_macro   0x00013d20       0x35 ./Static_Code/System/CPU_Init.o
 .debug_macro   0x00013d55       0x9c ./Static_Code/System/CPU_Init.o
 .debug_macro   0x00013df1       0x16 ./Static_Code/System/CPU_Init.o
 .debug_macro   0x00013e07       0x94 ./Static_Code/System/CPU_Init.o
 .debug_macro   0x00013e9b      0x6a0 ./Static_Code/System/CPU_Init.o
 .debug_macro   0x0001453b       0x49 ./Static_Code/System/CPU_Init.o
 .debug_macro   0x00014584       0x1c ./Static_Code/System/CPU_Init.o
 .debug_macro   0x000145a0      0x166 ./Static_Code/System/CPU_Init.o
 .debug_macro   0x00014706       0x52 ./Static_Code/System/CPU_Init.o
 .debug_macro   0x00014758       0x16 ./Static_Code/System/CPU_Init.o
 .debug_macro   0x0001476e       0x43 ./Static_Code/System/CPU_Init.o
 .debug_macro   0x000147b1      0x180 ./Static_Code/System/CPU_Init.o
 .debug_macro   0x00014931      0x29d ./Static_Code/System/CPU_Init.o
 .debug_macro   0x00014bce       0x10 ./Static_Code/System/CPU_Init.o
 .debug_macro   0x00014bde       0x35 ./Static_Code/System/CPU_Init.o
 .debug_macro   0x00014c13       0x19 ./Static_Code/System/CPU_Init.o
 .debug_macro   0x00014c2c      0x2a7 ./Static_Code/System/CPU_Init.o
 .debug_macro   0x00014ed3      0x15d ./Static_Code/System/CPU_Init.o
 .debug_macro   0x00015030       0xce ./Static_Code/System/CPU_Init.o
 .debug_macro   0x000150fe       0x10 ./Static_Code/System/CPU_Init.o
 .debug_macro   0x0001510e       0x1f ./Static_Code/System/CPU_Init.o
 .debug_macro   0x0001512d       0xc0 ./Static_Code/System/CPU_Init.o
 .debug_macro   0x000151ed       0x9a ./Static_Code/System/CPU_Init.o
 .debug_macro   0x00015287      0x361 ./Static_Code/System/CPU_Init.o
 .debug_macro   0x000155e8       0xb0 ./Static_Code/System/CPU_Init.o
 .debug_macro   0x00015698       0x7f ./Static_Code/System/CPU_Init.o
 .debug_macro   0x00015717       0x97 ./Static_Code/System/CPU_Init.o
 .debug_macro   0x000157ae       0x19 ./Static_Code/System/CPU_Init.o
 .debug_macro   0x000157c7      0x2ce ./Static_Code/System/CPU_Init.o
 .debug_macro   0x00015a95       0x3d ./Static_Code/System/CPU_Init.o
 .debug_macro   0x00015ad2       0x52 ./Static_Code/System/CPU_Init.o
 .debug_macro   0x00015b24      0x648 ./Static_Code/System/CPU_Init.o
 .debug_macro   0x0001616c       0x51 ./Static_Code/System/CPU_Init.o
 .debug_macro   0x000161bd      0x131 ./Static_Code/System/CPU_Init.o
 .debug_macro   0x000162ee       0x46 ./Static_Code/System/CPU_Init.o
 .debug_macro   0x00016334       0x3a ./Static_Code/System/CPU_Init.o
 .debug_macro   0x0001636e       0x2e ./Static_Code/System/CPU_Init.o
 .debug_macro   0x0001639c       0x1c ./Static_Code/System/CPU_Init.o
 .debug_macro   0x000163b8       0x1c ./Static_Code/System/CPU_Init.o
 .debug_macro   0x000163d4       0xe4 ./Static_Code/System/CPU_Init.o
 .debug_macro   0x000164b8       0xd6 ./Static_Code/System/CPU_Init.o
 .debug_macro   0x0001658e       0xeb ./Static_Code/System/CPU_Init.o
 .debug_macro   0x00016679       0x1c ./Static_Code/System/CPU_Init.o
 .debug_macro   0x00016695       0xf4 ./Static_Code/System/CPU_Init.o
 .debug_macro   0x00016789       0xe0 ./Static_Code/System/CPU_Init.o
 .debug_macro   0x00016869      0x61c ./Static_Code/System/CPU_Init.o
 .debug_macro   0x00016e85       0x7b ./Static_Code/System/CPU_Init.o
 .debug_macro   0x00016f00       0x10 ./Static_Code/System/CPU_Init.o
 .debug_macro   0x00016f10       0x4c ./Static_Code/System/CPU_Init.o
 .debug_macro   0x00016f5c      0x2a1 ./Static_Code/System/CPU_Init.o
 .debug_macro   0x000171fd      0x3af ./Static_Code/System/Vectors.o
 .debug_macro   0x000175ac      0x4b9 ./Sources/Events.o
 .debug_macro   0x00017a65      0x626 ./Sources/Events.o
 .debug_macro   0x0001808b      0x327 ./Sources/Events.o
 .debug_macro   0x000183b2      0x1e8 ./Sources/Events.o
 .debug_macro   0x0001859a      0x109 ./Sources/Events.o
 .debug_macro   0x000186a3      0x17e ./Sources/Events.o
 .debug_macro   0x00018821      0x200 ./Sources/Events.o
 .debug_macro   0x00018a21      0x91e ./Sources/Events.o
 .debug_macro   0x0001933f      0x588 ./Sources/Events.o
 .debug_macro   0x000198c7       0x9e ./Sources/Events.o
 .debug_macro   0x00019965      0x1f7 ./Sources/Events.o
 .debug_macro   0x00019b5c      0x50f ./Sources/Events.o
 .debug_macro   0x0001a06b      0x297 ./Sources/Events.o
 .debug_macro   0x0001a302      0x318 ./Sources/Events.o
 .debug_macro   0x0001a61a      0x25a ./Sources/Events.o
 .debug_macro   0x0001a874      0x13d ./Sources/Events.o
 .debug_macro   0x0001a9b1      0x30b ./Sources/Events.o
 .debug_macro   0x0001acbc       0xba ./Sources/Events.o
 .debug_macro   0x0001ad76       0xe9 ./Sources/Events.o
 .debug_macro   0x0001ae5f      0x4e9 ./Sources/Events.o
 .debug_macro   0x0001b348      0x191 ./Sources/Events.o
 .debug_macro   0x0001b4d9       0xea ./Sources/Events.o
 .debug_macro   0x0001b5c3      0x348 ./Sources/Events.o
 .debug_macro   0x0001b90b      0x7d6 ./Sources/Events.o
 .debug_macro   0x0001c0e1      0x179 ./Sources/Events.o
 .debug_macro   0x0001c25a      0x645 ./Sources/Events.o
 .debug_macro   0x0001c89f      0x892 ./Sources/Events.o
 .debug_macro   0x0001d131      0x11c ./Sources/Events.o
 .debug_macro   0x0001d24d       0x81 ./Sources/Events.o
 .debug_macro   0x0001d2ce      0x7bf ./Sources/Events.o
 .debug_macro   0x0001da8d      0x10f ./Sources/Events.o
 .debug_macro   0x0001db9c      0x614 ./Sources/Events.o
 .debug_macro   0x0001e1b0      0x181 ./Sources/Events.o
 .debug_macro   0x0001e331      0x4c2 ./Sources/main.o
 .debug_macro   0x0001e7f3      0x102 ./Project_Settings/Startup_Code/startup.o
 .debug_macro   0x0001e8f5       0x4a ./Project_Settings/Startup_Code/startup.o
 .debug_macro   0x0001e93f       0x16 ./Project_Settings/Startup_Code/startup.o
 .debug_macro   0x0001e955       0x22 ./Project_Settings/Startup_Code/startup.o
 .debug_macro   0x0001e977      0x39f ./Generated_Code/AD1.o
 .debug_macro   0x0001ed16      0x1a0 ./Generated_Code/AdcLdd1.o
 .debug_macro   0x0001eeb6      0x616 ./Generated_Code/AdcLdd1.o
 .debug_macro   0x0001f4cc      0x174 ./Generated_Code/CD1.o
 .debug_macro   0x0001f640     0x1792 ./Generated_Code/CD1.o
 .debug_macro   0x00020dd2      0x12b ./Generated_Code/CD1.o
 .debug_macro   0x00020efd       0x34 ./Generated_Code/CD1.o
 .debug_macro   0x00020f31      0x3a8 ./Generated_Code/Cpu.o
 .debug_macro   0x000212d9      0x299 ./Generated_Code/FAT1.o
 .debug_macro   0x00021572       0xee ./Generated_Code/FAT1.o
 .debug_macro   0x00021660      0x642 ./Generated_Code/FAT1.o
 .debug_macro   0x00021ca2       0x37 ./Generated_Code/FAT1.o
 .debug_macro   0x00021cd9       0xee ./Generated_Code/FAT1.o
 .debug_macro   0x00021dc7      0x33c ./Generated_Code/PE_LDD.o
 .debug_macro   0x00022103      0x250 ./Generated_Code/SD1.o
 .debug_macro   0x00022353      0x39b ./Generated_Code/SM2.o
 .debug_macro   0x000226ee      0x174 ./Generated_Code/SS1.o
 .debug_macro   0x00022862      0x381 ./Generated_Code/TI1.o
 .debug_macro   0x00022be3      0x103 ./Generated_Code/TMOUT1.o
 .debug_macro   0x00022ce6      0x189 ./Generated_Code/TU1.o
 .debug_macro   0x00022e6f      0x193 ./Generated_Code/TimerIntLdd1.o
 .debug_macro   0x00023002      0x109 ./Generated_Code/TmDt1.o
 .debug_macro   0x0002310b       0x16 ./Generated_Code/TmDt1.o
 .debug_macro   0x00023121      0x15c ./Generated_Code/WAIT1.o
 .debug_macro   0x0002327d      0x2e4 ./Generated_Code/ff.o
 .debug_macro   0x00023561       0x58 ./Generated_Code/ff.o
 .debug_macro   0x000235b9      0x3c7 ./Generated_Code/heap_2.o
 .debug_macro   0x00023980       0x16 ./Generated_Code/heap_2.o
 .debug_macro   0x00023996      0x180 ./Generated_Code/list.o
 .debug_macro   0x00023b16      0x269 ./Generated_Code/port.o
 .debug_macro   0x00023d7f       0xc8 ./Generated_Code/port.o
 .debug_macro   0x00023e47      0x1df ./Generated_Code/queue.o
 .debug_macro   0x00024026      0x429 ./Generated_Code/tasks.o
 .debug_macro   0x0002444f       0x10 ./Generated_Code/tasks.o

.debug_line     0x00000000     0xb77f
 .debug_line    0x00000000      0x79b ./Static_Code/System/CPU_Init.o
 .debug_line    0x0000079b      0xd4a ./Static_Code/System/Vectors.o
 .debug_line    0x000014e5      0x835 ./Sources/Events.o
 .debug_line    0x00001d1a      0x83f ./Sources/main.o
 .debug_line    0x00002559      0x344 ./Project_Settings/Startup_Code/startup.o
 .debug_line    0x0000289d      0x6a8 ./Generated_Code/AD1.o
 .debug_line    0x00002f45      0x555 ./Generated_Code/AdcLdd1.o
 .debug_line    0x0000349a      0x476 ./Generated_Code/CD1.o
 .debug_line    0x00003910      0x6a6 ./Generated_Code/Cpu.o
 .debug_line    0x00003fb6      0x660 ./Generated_Code/FAT1.o
 .debug_line    0x00004616      0x606 ./Generated_Code/PE_LDD.o
 .debug_line    0x00004c1c      0x888 ./Generated_Code/SD1.o
 .debug_line    0x000054a4      0x6eb ./Generated_Code/SM2.o
 .debug_line    0x00005b8f      0x4af ./Generated_Code/SS1.o
 .debug_line    0x0000603e      0x61e ./Generated_Code/TI1.o
 .debug_line    0x0000665c      0x420 ./Generated_Code/TMOUT1.o
 .debug_line    0x00006a7c      0x497 ./Generated_Code/TU1.o
 .debug_line    0x00006f13      0x489 ./Generated_Code/TimerIntLdd1.o
 .debug_line    0x0000739c      0x480 ./Generated_Code/TmDt1.o
 .debug_line    0x0000781c      0x440 ./Generated_Code/WAIT1.o
 .debug_line    0x00007c5c     0x12fc ./Generated_Code/ff.o
 .debug_line    0x00008f58      0x705 ./Generated_Code/heap_2.o
 .debug_line    0x0000965d      0x34d ./Generated_Code/list.o
 .debug_line    0x000099aa      0x54b ./Generated_Code/port.o
 .debug_line    0x00009ef5      0x848 ./Generated_Code/queue.o
 .debug_line    0x0000a73d     0x1042 ./Generated_Code/tasks.o

.debug_str      0x00000000    0xf04dc
 .debug_str     0x00000000    0x8a2ab ./Static_Code/System/CPU_Init.o
                              0x8a4fd (size before relaxing)
 .debug_str     0x0008a2ab      0x984 ./Static_Code/System/Vectors.o
                              0x8a923 (size before relaxing)
 .debug_str     0x0008ac2f    0x60e79 ./Sources/Events.o
                              0xe9ddd (size before relaxing)
 .debug_str     0x000ebaa8      0x2ca ./Sources/main.o
                              0xea008 (size before relaxing)
 .debug_str     0x000ebd72      0x1ef ./Project_Settings/Startup_Code/startup.o
                               0x4dab (size before relaxing)
 .debug_str     0x000ebf61      0x137 ./Generated_Code/AD1.o
                              0x890a1 (size before relaxing)
 .debug_str     0x000ec098      0x38c ./Generated_Code/AdcLdd1.o
                              0x72e9e (size before relaxing)
 .debug_str     0x000ec424       0x9c ./Generated_Code/CD1.o
                              0x6e785 (size before relaxing)
 .debug_str     0x000ec4c0       0x28 ./Generated_Code/Cpu.o
                              0x88f69 (size before relaxing)
 .debug_str     0x000ec4e8      0x106 ./Generated_Code/FAT1.o
                              0x777ab (size before relaxing)
 .debug_str     0x000ec5ee      0x166 ./Generated_Code/PE_LDD.o
                              0x890f1 (size before relaxing)
 .debug_str     0x000ec754      0x472 ./Generated_Code/SD1.o
                              0x7514e (size before relaxing)
 .debug_str     0x000ecbc6      0x28d ./Generated_Code/SM2.o
                              0x89402 (size before relaxing)
 .debug_str     0x000ece53       0x7b ./Generated_Code/SS1.o
                              0x6e7f5 (size before relaxing)
 .debug_str     0x000ecece       0x31 ./Generated_Code/TI1.o
                              0x88f71 (size before relaxing)
 .debug_str     0x000eceff       0xfe ./Generated_Code/TMOUT1.o
                              0x69ab6 (size before relaxing)
 .debug_str     0x000ecffd      0x16d ./Generated_Code/TU1.o
                              0x76e37 (size before relaxing)
 .debug_str     0x000ed16a       0xbe ./Generated_Code/TimerIntLdd1.o
                              0x76c34 (size before relaxing)
 .debug_str     0x000ed228      0x114 ./Generated_Code/TmDt1.o
                              0x69ae4 (size before relaxing)
 .debug_str     0x000ed33c       0x84 ./Generated_Code/WAIT1.o
                              0x6db1d (size before relaxing)
 .debug_str     0x000ed3c0      0xbf3 ./Generated_Code/ff.o
                               0xb7be (size before relaxing)
 .debug_str     0x000edfb3      0x39e ./Generated_Code/heap_2.o
                              0x8939b (size before relaxing)
 .debug_str     0x000ee351      0x124 ./Generated_Code/list.o
                              0x10323 (size before relaxing)
 .debug_str     0x000ee475      0xa27 ./Generated_Code/port.o
                              0x6e188 (size before relaxing)
 .debug_str     0x000eee9c      0x634 ./Generated_Code/queue.o
                              0x113b2 (size before relaxing)
 .debug_str     0x000ef4d0     0x100c ./Generated_Code/tasks.o
                              0x8a219 (size before relaxing)

.comment        0x00000000       0x70
 .comment       0x00000000       0x70 ./Static_Code/System/CPU_Init.o
                                 0x71 (size before relaxing)
 .comment       0x00000000       0x71 ./Static_Code/System/Vectors.o
 .comment       0x00000000       0x71 ./Sources/Events.o
 .comment       0x00000000       0x71 ./Sources/main.o
 .comment       0x00000000       0x71 ./Project_Settings/Startup_Code/startup.o
 .comment       0x00000000       0x71 ./Generated_Code/AD1.o
 .comment       0x00000000       0x71 ./Generated_Code/AdcLdd1.o
 .comment       0x00000000       0x71 ./Generated_Code/CD1.o
 .comment       0x00000000       0x71 ./Generated_Code/Cpu.o
 .comment       0x00000000       0x71 ./Generated_Code/FAT1.o
 .comment       0x00000000       0x71 ./Generated_Code/PE_LDD.o
 .comment       0x00000000       0x71 ./Generated_Code/SD1.o
 .comment       0x00000000       0x71 ./Generated_Code/SM2.o
 .comment       0x00000000       0x71 ./Generated_Code/SS1.o
 .comment       0x00000000       0x71 ./Generated_Code/TI1.o
 .comment       0x00000000       0x71 ./Generated_Code/TMOUT1.o
 .comment       0x00000000       0x71 ./Generated_Code/TU1.o
 .comment       0x00000000       0x71 ./Generated_Code/TimerIntLdd1.o
 .comment       0x00000000       0x71 ./Generated_Code/TmDt1.o
 .comment       0x00000000       0x71 ./Generated_Code/WAIT1.o
 .comment       0x00000000       0x71 ./Generated_Code/ff.o
 .comment       0x00000000       0x71 ./Generated_Code/heap_2.o
 .comment       0x00000000       0x71 ./Generated_Code/list.o
 .comment       0x00000000       0x71 ./Generated_Code/port.o
 .comment       0x00000000       0x71 ./Generated_Code/queue.o
 .comment       0x00000000       0x71 ./Generated_Code/tasks.o

.debug_frame    0x00000000     0x3aa0
 .debug_frame   0x00000000       0xb8 ./Static_Code/System/CPU_Init.o
 .debug_frame   0x000000b8      0xfd8 ./Static_Code/System/Vectors.o
 .debug_frame   0x00001090      0x128 ./Sources/Events.o
 .debug_frame   0x000011b8       0xd0 ./Sources/main.o
 .debug_frame   0x00001288      0x14c ./Project_Settings/Startup_Code/startup.o
 .debug_frame   0x000013d4       0xdc ./Generated_Code/AD1.o
 .debug_frame   0x000014b0      0x17c ./Generated_Code/AdcLdd1.o
 .debug_frame   0x0000162c       0x88 ./Generated_Code/CD1.o
 .debug_frame   0x000016b4       0x58 ./Generated_Code/Cpu.o
 .debug_frame   0x0000170c      0x1c8 ./Generated_Code/FAT1.o
 .debug_frame   0x000018d4       0x84 ./Generated_Code/PE_LDD.o
 .debug_frame   0x00001958      0x350 ./Generated_Code/SD1.o
 .debug_frame   0x00001ca8      0x100 ./Generated_Code/SM2.o
 .debug_frame   0x00001da8      0x100 ./Generated_Code/SS1.o
 .debug_frame   0x00001ea8       0x34 ./Generated_Code/TI1.o
 .debug_frame   0x00001edc      0x128 ./Generated_Code/TMOUT1.o
 .debug_frame   0x00002004       0x68 ./Generated_Code/TU1.o
 .debug_frame   0x0000206c       0x58 ./Generated_Code/TimerIntLdd1.o
 .debug_frame   0x000020c4      0x184 ./Generated_Code/TmDt1.o
 .debug_frame   0x00002248       0x9c ./Generated_Code/WAIT1.o
 .debug_frame   0x000022e4      0x840 ./Generated_Code/ff.o
 .debug_frame   0x00002b24       0xc0 ./Generated_Code/heap_2.o
 .debug_frame   0x00002be4       0xd8 ./Generated_Code/list.o
 .debug_frame   0x00002cbc      0x1ec ./Generated_Code/port.o
 .debug_frame   0x00002ea8      0x384 ./Generated_Code/queue.o
 .debug_frame   0x0000322c      0x748 ./Generated_Code/tasks.o
 .debug_frame   0x00003974       0x34 /usr/local/gcc-arm-none-eabi-4_9-2015q3/bin/../lib/gcc/arm-none-eabi/4.9.3/../../../../arm-none-eabi/lib/armv7e-m/fpu/libg.a(lib_a-memset.o)
 .debug_frame   0x000039a8       0x20 /usr/local/gcc-arm-none-eabi-4_9-2015q3/bin/../lib/gcc/arm-none-eabi/4.9.3/../../../../arm-none-eabi/lib/armv7e-m/fpu/libg.a(lib_a-strlen.o)
 .debug_frame   0x000039c8       0x50 /usr/local/gcc-arm-none-eabi-4_9-2015q3/bin/../lib/gcc/arm-none-eabi/4.9.3/../../../../arm-none-eabi/lib/armv7e-m/fpu/libg.a(lib_a-__call_atexit.o)
 .debug_frame   0x00003a18       0x20 /usr/local/gcc-arm-none-eabi-4_9-2015q3/bin/../lib/gcc/arm-none-eabi/4.9.3/../../../../arm-none-eabi/lib/armv7e-m/fpu/libg.a(lib_a-atexit.o)
 .debug_frame   0x00003a38       0x34 /usr/local/gcc-arm-none-eabi-4_9-2015q3/bin/../lib/gcc/arm-none-eabi/4.9.3/../../../../arm-none-eabi/lib/armv7e-m/fpu/libg.a(lib_a-fini.o)
 .debug_frame   0x00003a6c       0x34 /usr/local/gcc-arm-none-eabi-4_9-2015q3/bin/../lib/gcc/arm-none-eabi/4.9.3/../../../../arm-none-eabi/lib/armv7e-m/fpu/libg.a(lib_a-__atexit.o)
